evidence_generated_at=2026-09-18T06:48:40.735Z
base_commit=9678c3ccf8408ed1239dd7cc53f5818441a531d2
source_sha256=e2ec0cfe4986d25fef1d761c78de333323c18d47267e782cc7df00090e3869c2 .github/scripts/content-protection-gate.mjs
source_sha256=a102f6568f0ff15828f63718b93c8e63bb1ef7d5492af9faf5c9f1119addc12e .github/scripts/content-protection-artifact-gate.mjs
source_sha256=08f4faf914dcce7dc4136c38aed57adb529eb1407d0ab73300526a322d6da11e .github/workflows/content-protection.yml
source_sha256=67b07c9fd6a691bfe1e36451d3de6f6f3064c841fbe2e0ade1fd3aa8f42ec8d9 skills/yise-web-ui/scripts/__tests__/content-protection-contract.test.mjs
source_sha256=0c9e7a029e65e2ab17bb8f17181be6c042ccbb7fece82048ef5fba0ea991dcec skills/yise-web-ui/scripts/__tests__/content-protection-browser.test.mjs
source_sha256=f3cedec9b828c198cd633faf65466e8af8cba331ff08e4fc571fb39db23ec880 skills/yise-web-ui/scripts/__tests__/content-protection-boundaries.test.mjs
source_sha256=67b07c9fd6a691bfe1e36451d3de6f6f3064c841fbe2e0ade1fd3aa8f42ec8d9 skills/torchlight-web/scripts/__tests__/content-protection-contract.test.mjs
source_sha256=410bd1520854cf084bdf9e5cf750def8b1e7b0b3752080503ba7b53da514e514 skills/torchlight-web/scripts/__tests__/content-protection-browser.test.mjs
source_sha256=f3cedec9b828c198cd633faf65466e8af8cba331ff08e4fc571fb39db23ec880 skills/torchlight-web/scripts/__tests__/content-protection-boundaries.test.mjs
source_sha256=d23eecc09c374d54f0ebb4652c8c62fffecb13fc7d69719dd39610786fe09901 skills/yise-web-ui/templates/figma-render.js
source_sha256=0ec3a3f1370b5458d6e53f27103338d6a1b0e38fe294805962fce0b45f303f8d skills/yise-web-ui/templates/figma-chrome.js
source_sha256=f47a13ea317fa85bc7d47d414c46ec898c7c0e93c51dd820f2dc2a2d761c6c65 skills/yise-web-ui/templates/qa-chrome.js
source_sha256=b6f6bbc9248659b65982a81fa33f375016394751f7f9c9a136f96bdd0a0d961e skills/yise-web-ui/templates/qa-component-adapter.js
source_sha256=e2a99971be1d66b9359b092ddc5f01baa871a47b22d099362f69ca307e03ed7b skills/yise-web-ui/templates/demo-shell.html
source_sha256=b633a04bbe5ae28d4a417b9a3bf8a8ffef91544ac9419326017e9efbfa8901b9 skills/yise-web-ui/templates/component-shell.html
source_sha256=3c11c8f4b442748155b220c5aca4a2bfa9b5bdb005befc6b8dcbe05cd0897920 skills/torchlight-web/templates/figma-render.js
source_sha256=5b3fcc338417441a6a9676161c8af9166a0bb786a5021826672b2f0ae509d4e0 skills/torchlight-web/templates/figma-chrome.js
source_sha256=447cb3ce4456736b80be2dc8d01e6f5ffef896623d0b22798727e0d715b71693 skills/torchlight-web/templates/qa-chrome.js
source_sha256=b6f6bbc9248659b65982a81fa33f375016394751f7f9c9a136f96bdd0a0d961e skills/torchlight-web/templates/qa-component-adapter.js
source_sha256=bfe9f9d4c33069806daf304529e2e260d9720ac711e03328cf84016aac88f853 skills/torchlight-web/templates/demo-shell.html
source_sha256=b633a04bbe5ae28d4a417b9a3bf8a8ffef91544ac9419326017e9efbfa8901b9 skills/torchlight-web/templates/component-shell.html
torchlight-web/index.html: 内容保护产物检查通过 sha256=74efd777f3262e576a06999966b0efce2bf666b9b3bcfe8d727f910ce518af10
yise-web-ui/index.html: 内容保护产物检查通过 sha256=7a68d2834665423144373c54161abc7b36c04a723735fc2aac834a509ac19042
内容保护产物闸门通过：2 个 HTML
检查 skills/yise-web-ui/scripts/__tests__/content-protection-contract.test.mjs
TAP version 13
# Subtest: product and QA renderer installs content protection independently of interaction opt-in
ok 1 - product and QA renderer installs content protection independently of interaction opt-in
  ---
  duration_ms: 1.027208
  type: 'test'
  ...
1..1
# tests 1
# suites 0
# pass 1
# fail 0
# cancelled 0
# skipped 0
# todo 0
# duration_ms 64.8445
检查 skills/yise-web-ui/scripts/__tests__/content-protection-browser.test.mjs
TAP version 13
# Subtest: real product and QA shells protect content, retain editing and survive remounts
    # Subtest: QA 390 interaction=false
    ok 1 - QA 390 interaction=false
      ---
      duration_ms: 2215.457167
      type: 'test'
      ...
    # Subtest: QA 390 interaction=true
    ok 2 - QA 390 interaction=true
      ---
      duration_ms: 1659.811125
      type: 'test'
      ...
    # Subtest: QA 1440 interaction=false
    ok 3 - QA 1440 interaction=false
      ---
      duration_ms: 1714.01275
      type: 'test'
      ...
    # Subtest: QA 1440 interaction=true
    ok 4 - QA 1440 interaction=true
      ---
      duration_ms: 1764.151708
      type: 'test'
      ...
    # Subtest: product 390 interaction=false
    ok 5 - product 390 interaction=false
      ---
      duration_ms: 1584.662541
      type: 'test'
      ...
    # Subtest: product 390 interaction=true
    ok 6 - product 390 interaction=true
      ---
      duration_ms: 1498.404291
      type: 'test'
      ...
    # Subtest: product 1440 interaction=false
    ok 7 - product 1440 interaction=false
      ---
      duration_ms: 1703.506
      type: 'test'
      ...
    # Subtest: product 1440 interaction=true
    ok 8 - product 1440 interaction=true
      ---
      duration_ms: 1598.350375
      type: 'test'
      ...
    1..8
ok 1 - real product and QA shells protect content, retain editing and survive remounts
  ---
  duration_ms: 15295.232042
  type: 'test'
  ...
1..1
# tests 9
# suites 0
# pass 9
# fail 0
# cancelled 0
# skipped 0
# todo 0
# duration_ms 15391.872125
检查 skills/yise-web-ui/scripts/__tests__/content-protection-boundaries.test.mjs engine=chromium
TAP version 13
# browser_engine=chromium browser_version=151.0.7922.34
# Subtest: component, nested documents, CSP, disabled JS and file URL boundaries
    # Subtest: component-shell
    ok 1 - component-shell
      ---
      duration_ms: 1175.735584
      type: 'test'
      ...
    # Subtest: open-shadow-dom
    ok 2 - open-shadow-dom
      ---
      duration_ms: 512.652625
      type: 'test'
      ...
    # Subtest: same-origin-iframe-navigation
    ok 3 - same-origin-iframe-navigation
      ---
      duration_ms: 1449.204584
      type: 'test'
      ...
    # Subtest: opaque-iframe-explicitly-unverified
    ok 4 - opaque-iframe-explicitly-unverified
      ---
      duration_ms: 579.144291
      type: 'test'
      ...
    # Subtest: strict-csp-nonce
    ok 5 - strict-csp-nonce
      ---
      duration_ms: 651.327584
      type: 'test'
      ...
    # Subtest: disabled-js-static-selection-only
    ok 6 - disabled-js-static-selection-only
      ---
      duration_ms: 293.854667
      type: 'test'
      ...
    # Subtest: csp-blocked-runtime-is-not-protected
    ok 7 - csp-blocked-runtime-is-not-protected
      ---
      duration_ms: 311.691042
      type: 'test'
      ...
    # Subtest: csp-style-blocked-runtime-is-partial
    ok 8 - csp-style-blocked-runtime-is-partial
      ---
      duration_ms: 301.200375
      type: 'test'
      ...
    # Subtest: unprotected-native-action-control
    ok 9 - unprotected-native-action-control
      ---
      duration_ms: 355.225292
      type: 'test'
      ...
    # Subtest: offline-file-url
    ok 10 - offline-file-url
      ---
      duration_ms: 382.678583
      type: 'test'
      ...
    # Subtest: disabled-fieldset-and-live-body-replacement
    ok 11 - disabled-fieldset-and-live-body-replacement
      ---
      duration_ms: 455.750666
      type: 'test'
      ...
    1..11
ok 1 - component, nested documents, CSP, disabled JS and file URL boundaries
  ---
  duration_ms: 7350.302334
  type: 'test'
  ...
1..1
# tests 12
# suites 0
# pass 12
# fail 0
# cancelled 0
# skipped 0
# todo 0
# duration_ms 7448.03625
检查 skills/yise-web-ui/scripts/__tests__/content-protection-boundaries.test.mjs engine=firefox
TAP version 13
# browser_engine=firefox browser_version=153.0
# Subtest: component, nested documents, CSP, disabled JS and file URL boundaries
    # Subtest: component-shell
    ok 1 - component-shell
      ---
      duration_ms: 2461.726916
      type: 'test'
      ...
    # Subtest: open-shadow-dom
    ok 2 - open-shadow-dom
      ---
      duration_ms: 1066.247417
      type: 'test'
      ...
    # Subtest: same-origin-iframe-navigation
    ok 3 - same-origin-iframe-navigation
      ---
      duration_ms: 1377.921083
      type: 'test'
      ...
    # Subtest: opaque-iframe-explicitly-unverified
    ok 4 - opaque-iframe-explicitly-unverified
      ---
      duration_ms: 634.754416
      type: 'test'
      ...
    # Subtest: strict-csp-nonce
    ok 5 - strict-csp-nonce
      ---
      duration_ms: 393.958625
      type: 'test'
      ...
    # Subtest: disabled-js-static-selection-only
    ok 6 - disabled-js-static-selection-only
      ---
      duration_ms: 304.4885
      type: 'test'
      ...
    # Subtest: csp-blocked-runtime-is-not-protected
    ok 7 - csp-blocked-runtime-is-not-protected
      ---
      duration_ms: 330.082125
      type: 'test'
      ...
    # Subtest: csp-style-blocked-runtime-is-partial
    ok 8 - csp-style-blocked-runtime-is-partial
      ---
      duration_ms: 303.463625
      type: 'test'
      ...
    # Subtest: unprotected-native-action-control
    ok 9 - unprotected-native-action-control
      ---
      duration_ms: 507.582667
      type: 'test'
      ...
    # Subtest: offline-file-url
    ok 10 - offline-file-url
      ---
      duration_ms: 1908.159125
      type: 'test'
      ...
    # Subtest: disabled-fieldset-and-live-body-replacement
    ok 11 - disabled-fieldset-and-live-body-replacement
      ---
      duration_ms: 812.933166
      type: 'test'
      ...
    1..11
ok 1 - component, nested documents, CSP, disabled JS and file URL boundaries
  ---
  duration_ms: 11978.32625
  type: 'test'
  ...
1..1
# tests 12
# suites 0
# pass 12
# fail 0
# cancelled 0
# skipped 0
# todo 0
# duration_ms 12082.252167
检查 skills/yise-web-ui/scripts/__tests__/content-protection-boundaries.test.mjs engine=webkit
TAP version 13
# browser_engine=webkit browser_version=26.5
# Subtest: component, nested documents, CSP, disabled JS and file URL boundaries
    # Subtest: component-shell
    ok 1 - component-shell
      ---
      duration_ms: 3285.764291
      type: 'test'
      ...
    # Subtest: open-shadow-dom
    ok 2 - open-shadow-dom
      ---
      duration_ms: 508.226709
      type: 'test'
      ...
    # Subtest: same-origin-iframe-navigation
    ok 3 - same-origin-iframe-navigation
      ---
      duration_ms: 581.281458
      type: 'test'
      ...
    # Subtest: opaque-iframe-explicitly-unverified
    ok 4 - opaque-iframe-explicitly-unverified
      ---
      duration_ms: 302.463458
      type: 'test'
      ...
    # Subtest: strict-csp-nonce
    ok 5 - strict-csp-nonce
      ---
      duration_ms: 311.024541
      type: 'test'
      ...
    # Subtest: disabled-js-static-selection-only
    ok 6 - disabled-js-static-selection-only
      ---
      duration_ms: 337.463375
      type: 'test'
      ...
    # Subtest: csp-blocked-runtime-is-not-protected
    ok 7 - csp-blocked-runtime-is-not-protected
      ---
      duration_ms: 286.001583
      type: 'test'
      ...
    # Subtest: csp-style-blocked-runtime-is-partial
    ok 8 - csp-style-blocked-runtime-is-partial
      ---
      duration_ms: 354.011375
      type: 'test'
      ...
    # Subtest: unprotected-native-action-control
    ok 9 - unprotected-native-action-control
      ---
      duration_ms: 506.1375
      type: 'test'
      ...
    # Subtest: offline-file-url
    ok 10 - offline-file-url
      ---
      duration_ms: 503.258084
      type: 'test'
      ...
    # Subtest: disabled-fieldset-and-live-body-replacement
    ok 11 - disabled-fieldset-and-live-body-replacement
      ---
      duration_ms: 507.531958
      type: 'test'
      ...
    1..11
ok 1 - component, nested documents, CSP, disabled JS and file URL boundaries
  ---
  duration_ms: 8561.42475
  type: 'test'
  ...
1..1
# tests 12
# suites 0
# pass 12
# fail 0
# cancelled 0
# skipped 0
# todo 0
# duration_ms 8649.535375
检查 skills/torchlight-web/scripts/__tests__/content-protection-contract.test.mjs
TAP version 13
# Subtest: product and QA renderer installs content protection independently of interaction opt-in
ok 1 - product and QA renderer installs content protection independently of interaction opt-in
  ---
  duration_ms: 1.29725
  type: 'test'
  ...
1..1
# tests 1
# suites 0
# pass 1
# fail 0
# cancelled 0
# skipped 0
# todo 0
# duration_ms 68.420875
检查 skills/torchlight-web/scripts/__tests__/content-protection-browser.test.mjs
TAP version 13
# Subtest: real product and QA shells protect content, retain editing and survive remounts
    # Subtest: QA 390 interaction=false
    ok 1 - QA 390 interaction=false
      ---
      duration_ms: 2168.212959
      type: 'test'
      ...
    # Subtest: QA 390 interaction=true
    ok 2 - QA 390 interaction=true
      ---
      duration_ms: 1708.774083
      type: 'test'
      ...
    # Subtest: QA 1440 interaction=false
    ok 3 - QA 1440 interaction=false
      ---
      duration_ms: 2500.86325
      type: 'test'
      ...
    # Subtest: QA 1440 interaction=true
    ok 4 - QA 1440 interaction=true
      ---
      duration_ms: 2097.935833
      type: 'test'
      ...
    # Subtest: product 390 interaction=false
    ok 5 - product 390 interaction=false
      ---
      duration_ms: 1814.353792
      type: 'test'
      ...
    # Subtest: product 390 interaction=true
    ok 6 - product 390 interaction=true
      ---
      duration_ms: 1584.864583
      type: 'test'
      ...
    # Subtest: product 1440 interaction=false
    ok 7 - product 1440 interaction=false
      ---
      duration_ms: 1547.650333
      type: 'test'
      ...
    # Subtest: product 1440 interaction=true
    ok 8 - product 1440 interaction=true
      ---
      duration_ms: 1549.429167
      type: 'test'
      ...
    1..8
ok 1 - real product and QA shells protect content, retain editing and survive remounts
  ---
  duration_ms: 16919.446
  type: 'test'
  ...
1..1
# tests 9
# suites 0
# pass 9
# fail 0
# cancelled 0
# skipped 0
# todo 0
# duration_ms 17018.262417
检查 skills/torchlight-web/scripts/__tests__/content-protection-boundaries.test.mjs engine=chromium
TAP version 13
# browser_engine=chromium browser_version=151.0.7922.34
# Subtest: component, nested documents, CSP, disabled JS and file URL boundaries
    # Subtest: component-shell
    ok 1 - component-shell
      ---
      duration_ms: 967.610834
      type: 'test'
      ...
    # Subtest: open-shadow-dom
    ok 2 - open-shadow-dom
      ---
      duration_ms: 392.831
      type: 'test'
      ...
    # Subtest: same-origin-iframe-navigation
    ok 3 - same-origin-iframe-navigation
      ---
      duration_ms: 573.965375
      type: 'test'
      ...
    # Subtest: opaque-iframe-explicitly-unverified
    ok 4 - opaque-iframe-explicitly-unverified
      ---
      duration_ms: 287.02225
      type: 'test'
      ...
    # Subtest: strict-csp-nonce
    ok 5 - strict-csp-nonce
      ---
      duration_ms: 423.351666
      type: 'test'
      ...
    # Subtest: disabled-js-static-selection-only
    ok 6 - disabled-js-static-selection-only
      ---
      duration_ms: 287.563
      type: 'test'
      ...
    # Subtest: csp-blocked-runtime-is-not-protected
    ok 7 - csp-blocked-runtime-is-not-protected
      ---
      duration_ms: 284.227708
      type: 'test'
      ...
    # Subtest: csp-style-blocked-runtime-is-partial
    ok 8 - csp-style-blocked-runtime-is-partial
      ---
      duration_ms: 312.764875
      type: 'test'
      ...
    # Subtest: unprotected-native-action-control
    ok 9 - unprotected-native-action-control
      ---
      duration_ms: 347.162583
      type: 'test'
      ...
    # Subtest: offline-file-url
    ok 10 - offline-file-url
      ---
      duration_ms: 330.338458
      type: 'test'
      ...
    # Subtest: disabled-fieldset-and-live-body-replacement
    ok 11 - disabled-fieldset-and-live-body-replacement
      ---
      duration_ms: 352.996458
      type: 'test'
      ...
    1..11
ok 1 - component, nested documents, CSP, disabled JS and file URL boundaries
  ---
  duration_ms: 5284.576666
  type: 'test'
  ...
1..1
# tests 12
# suites 0
# pass 12
# fail 0
# cancelled 0
# skipped 0
# todo 0
# duration_ms 5356.720417
检查 skills/torchlight-web/scripts/__tests__/content-protection-boundaries.test.mjs engine=firefox
TAP version 13
# browser_engine=firefox browser_version=153.0
# Subtest: component, nested documents, CSP, disabled JS and file URL boundaries
    # Subtest: component-shell
    ok 1 - component-shell
      ---
      duration_ms: 1848.178875
      type: 'test'
      ...
    # Subtest: open-shadow-dom
    ok 2 - open-shadow-dom
      ---
      duration_ms: 765.587666
      type: 'test'
      ...
    # Subtest: same-origin-iframe-navigation
    ok 3 - same-origin-iframe-navigation
      ---
      duration_ms: 721.689833
      type: 'test'
      ...
    # Subtest: opaque-iframe-explicitly-unverified
    ok 4 - opaque-iframe-explicitly-unverified
      ---
      duration_ms: 336.368333
      type: 'test'
      ...
    # Subtest: strict-csp-nonce
    ok 5 - strict-csp-nonce
      ---
      duration_ms: 636.399375
      type: 'test'
      ...
    # Subtest: disabled-js-static-selection-only
    ok 6 - disabled-js-static-selection-only
      ---
      duration_ms: 249.247833
      type: 'test'
      ...
    # Subtest: csp-blocked-runtime-is-not-protected
    ok 7 - csp-blocked-runtime-is-not-protected
      ---
      duration_ms: 267.175792
      type: 'test'
      ...
    # Subtest: csp-style-blocked-runtime-is-partial
    ok 8 - csp-style-blocked-runtime-is-partial
      ---
      duration_ms: 281.745792
      type: 'test'
      ...
    # Subtest: unprotected-native-action-control
    ok 9 - unprotected-native-action-control
      ---
      duration_ms: 460.195125
      type: 'test'
      ...
    # Subtest: offline-file-url
    ok 10 - offline-file-url
      ---
      duration_ms: 1749.85225
      type: 'test'
      ...
    # Subtest: disabled-fieldset-and-live-body-replacement
    ok 11 - disabled-fieldset-and-live-body-replacement
      ---
      duration_ms: 644.990292
      type: 'test'
      ...
    1..11
ok 1 - component, nested documents, CSP, disabled JS and file URL boundaries
  ---
  duration_ms: 9378.438958
  type: 'test'
  ...
1..1
# tests 12
# suites 0
# pass 12
# fail 0
# cancelled 0
# skipped 0
# todo 0
# duration_ms 9455.100417
检查 skills/torchlight-web/scripts/__tests__/content-protection-boundaries.test.mjs engine=webkit
TAP version 13
# browser_engine=webkit browser_version=26.5
# Subtest: component, nested documents, CSP, disabled JS and file URL boundaries
    # Subtest: component-shell
    ok 1 - component-shell
      ---
      duration_ms: 1151.047417
      type: 'test'
      ...
    # Subtest: open-shadow-dom
    ok 2 - open-shadow-dom
      ---
      duration_ms: 368.033333
      type: 'test'
      ...
    # Subtest: same-origin-iframe-navigation
    ok 3 - same-origin-iframe-navigation
      ---
      duration_ms: 431.517375
      type: 'test'
      ...
    # Subtest: opaque-iframe-explicitly-unverified
    ok 4 - opaque-iframe-explicitly-unverified
      ---
      duration_ms: 389.330083
      type: 'test'
      ...
    # Subtest: strict-csp-nonce
    ok 5 - strict-csp-nonce
      ---
      duration_ms: 361.714
      type: 'test'
      ...
    # Subtest: disabled-js-static-selection-only
    ok 6 - disabled-js-static-selection-only
      ---
      duration_ms: 308.9305
      type: 'test'
      ...
    # Subtest: csp-blocked-runtime-is-not-protected
    ok 7 - csp-blocked-runtime-is-not-protected
      ---
      duration_ms: 308.282
      type: 'test'
      ...
    # Subtest: csp-style-blocked-runtime-is-partial
    ok 8 - csp-style-blocked-runtime-is-partial
      ---
      duration_ms: 250.771959
      type: 'test'
      ...
    # Subtest: unprotected-native-action-control
    ok 9 - unprotected-native-action-control
      ---
      duration_ms: 302.386083
      type: 'test'
      ...
    # Subtest: offline-file-url
    ok 10 - offline-file-url
      ---
      duration_ms: 400.125
      type: 'test'
      ...
    # Subtest: disabled-fieldset-and-live-body-replacement
    ok 11 - disabled-fieldset-and-live-body-replacement
      ---
      duration_ms: 277.883958
      type: 'test'
      ...
    1..11
ok 1 - component, nested documents, CSP, disabled JS and file URL boundaries
  ---
  duration_ms: 5256.572417
  type: 'test'
  ...
1..1
# tests 12
# suites 0
# pass 12
# fail 0
# cancelled 0
# skipped 0
# todo 0
# duration_ms 5329.50875
gate_exit_code=0
内容保护闸门通过：双项目 × 产品/QA × 390/1440 × 静态/交互，边界引擎=chromium,firefox,webkit；零跳过。
